
> aswa-31@0.0.0 build
> tsc -b && vite build

src/data/faqData.ts(46,9): error TS2322: Type 'string' is not assignable to type 'number'.
src/data/faqData.ts(51,9): error TS2322: Type 'string' is not assignable to type 'number'.
src/data/faqData.ts(56,9): error TS2322: Type 'string' is not assignable to type 'number'.
src/data/faqData.ts(61,9): error TS2322: Type 'string' is not assignable to type 'number'.
src/data/faqData.ts(66,9): error TS2322: Type 'string' is not assignable to type 'number'.
src/data/faqData.ts(71,9): error TS2322: Type 'string' is not assignable to type 'number'.
src/data/faqData.ts(76,9): error TS2322: Type 'string' is not assignable to type 'number'.
src/data/faqData.ts(81,9): error TS2322: Type 'string' is not assignable to type 'number'.
src/data/faqData.ts(86,9): error TS2322: Type 'string' is not assignable to type 'number'.
src/data/faqData.ts(91,9): error TS2322: Type 'string' is not assignable to type 'number'.
